###############################################################################
#
# IAR ELF Linker V8.32.3.193/W32 for ARM                  23/Aug/2019  18:06:51
# Copyright 2007-2019 IAR Systems AB.
#
#    Output file  =  
#        D:\stm32NucleoF4\STM32CubeF4\Projects\STM32F411RE-Nucleo\Templates\EWARM\STM32F4xx-Nucleo\Exe\Project.out
#    Map file     =  
#        D:\stm32NucleoF4\STM32CubeF4\Projects\STM32F411RE-Nucleo\Templates\EWARM\STM32F4xx-Nucleo\List\Project.map
#    Command line =  
#        -f C:\Users\ASUSX5~1\AppData\Local\Temp\EW5227.tmp
#        (D:\stm32NucleoF4\STM32CubeF4\Projects\STM32F411RE-Nucleo\Templates\EWARM\STM32F4xx-Nucleo\Obj\croutine.o
#        D:\stm32NucleoF4\STM32CubeF4\Projects\STM32F411RE-Nucleo\Templates\EWARM\STM32F4xx-Nucleo\Obj\event_groups.o
#        D:\stm32NucleoF4\STM32CubeF4\Projects\STM32F411RE-Nucleo\Templates\EWARM\STM32F4xx-Nucleo\Obj\list.o
#        D:\stm32NucleoF4\STM32CubeF4\Projects\STM32F411RE-Nucleo\Templates\EWARM\STM32F4xx-Nucleo\Obj\main.o
#        D:\stm32NucleoF4\STM32CubeF4\Projects\STM32F411RE-Nucleo\Templates\EWARM\STM32F4xx-Nucleo\Obj\queue.o
#        D:\stm32NucleoF4\STM32CubeF4\Projects\STM32F411RE-Nucleo\Templates\EWARM\STM32F4xx-Nucleo\Obj\startup_stm32f411xe.o
#        D:\stm32NucleoF4\STM32CubeF4\Projects\STM32F411RE-Nucleo\Templates\EWARM\STM32F4xx-Nucleo\Obj\stm32f4xx_hal.o
#        D:\stm32NucleoF4\STM32CubeF4\Projects\STM32F411RE-Nucleo\Templates\EWARM\STM32F4xx-Nucleo\Obj\stm32f4xx_hal_adc.o
#        D:\stm32NucleoF4\STM32CubeF4\Projects\STM32F411RE-Nucleo\Templates\EWARM\STM32F4xx-Nucleo\Obj\stm32f4xx_hal_adc_ex.o
#        D:\stm32NucleoF4\STM32CubeF4\Projects\STM32F411RE-Nucleo\Templates\EWARM\STM32F4xx-Nucleo\Obj\stm32f4xx_hal_can.o
#        D:\stm32NucleoF4\STM32CubeF4\Projects\STM32F411RE-Nucleo\Templates\EWARM\STM32F4xx-Nucleo\Obj\stm32f4xx_hal_cortex.o
#        D:\stm32NucleoF4\STM32CubeF4\Projects\STM32F411RE-Nucleo\Templates\EWARM\STM32F4xx-Nucleo\Obj\stm32f4xx_hal_crc.o
#        D:\stm32NucleoF4\STM32CubeF4\Projects\STM32F411RE-Nucleo\Templates\EWARM\STM32F4xx-Nucleo\Obj\stm32f4xx_hal_cryp.o
#        D:\stm32NucleoF4\STM32CubeF4\Projects\STM32F411RE-Nucleo\Templates\EWARM\STM32F4xx-Nucleo\Obj\stm32f4xx_hal_cryp_ex.o
#        D:\stm32NucleoF4\STM32CubeF4\Projects\STM32F411RE-Nucleo\Templates\EWARM\STM32F4xx-Nucleo\Obj\stm32f4xx_hal_dac.o
#        D:\stm32NucleoF4\STM32CubeF4\Projects\STM32F411RE-Nucleo\Templates\EWARM\STM32F4xx-Nucleo\Obj\stm32f4xx_hal_dac_ex.o
#        D:\stm32NucleoF4\STM32CubeF4\Projects\STM32F411RE-Nucleo\Templates\EWARM\STM32F4xx-Nucleo\Obj\stm32f4xx_hal_dcmi.o
#        D:\stm32NucleoF4\STM32CubeF4\Projects\STM32F411RE-Nucleo\Templates\EWARM\STM32F4xx-Nucleo\Obj\stm32f4xx_hal_dma.o
#        D:\stm32NucleoF4\STM32CubeF4\Projects\STM32F411RE-Nucleo\Templates\EWARM\STM32F4xx-Nucleo\Obj\stm32f4xx_hal_dma_ex.o
#        D:\stm32NucleoF4\STM32CubeF4\Projects\STM32F411RE-Nucleo\Templates\EWARM\STM32F4xx-Nucleo\Obj\stm32f4xx_hal_eth.o
#        D:\stm32NucleoF4\STM32CubeF4\Projects\STM32F411RE-Nucleo\Templates\EWARM\STM32F4xx-Nucleo\Obj\stm32f4xx_hal_flash.o
#        D:\stm32NucleoF4\STM32CubeF4\Projects\STM32F411RE-Nucleo\Templates\EWARM\STM32F4xx-Nucleo\Obj\stm32f4xx_hal_flash_ex.o
#        D:\stm32NucleoF4\STM32CubeF4\Projects\STM32F411RE-Nucleo\Templates\EWARM\STM32F4xx-Nucleo\Obj\stm32f4xx_hal_gpio.o
#        D:\stm32NucleoF4\STM32CubeF4\Projects\STM32F411RE-Nucleo\Templates\EWARM\STM32F4xx-Nucleo\Obj\stm32f4xx_hal_hash.o
#        D:\stm32NucleoF4\STM32CubeF4\Projects\STM32F411RE-Nucleo\Templates\EWARM\STM32F4xx-Nucleo\Obj\stm32f4xx_hal_hash_ex.o
#        D:\stm32NucleoF4\STM32CubeF4\Projects\STM32F411RE-Nucleo\Templates\EWARM\STM32F4xx-Nucleo\Obj\stm32f4xx_hal_hcd.o
#        D:\stm32NucleoF4\STM32CubeF4\Projects\STM32F411RE-Nucleo\Templates\EWARM\STM32F4xx-Nucleo\Obj\stm32f4xx_hal_i2c.o
#        D:\stm32NucleoF4\STM32CubeF4\Projects\STM32F411RE-Nucleo\Templates\EWARM\STM32F4xx-Nucleo\Obj\stm32f4xx_hal_i2c_ex.o
#        D:\stm32NucleoF4\STM32CubeF4\Projects\STM32F411RE-Nucleo\Templates\EWARM\STM32F4xx-Nucleo\Obj\stm32f4xx_hal_i2s.o
#        D:\stm32NucleoF4\STM32CubeF4\Projects\STM32F411RE-Nucleo\Templates\EWARM\STM32F4xx-Nucleo\Obj\stm32f4xx_hal_i2s_ex.o
#        D:\stm32NucleoF4\STM32CubeF4\Projects\STM32F411RE-Nucleo\Templates\EWARM\STM32F4xx-Nucleo\Obj\stm32f4xx_hal_irda.o
#        D:\stm32NucleoF4\STM32CubeF4\Projects\STM32F411RE-Nucleo\Templates\EWARM\STM32F4xx-Nucleo\Obj\stm32f4xx_hal_iwdg.o
#        D:\stm32NucleoF4\STM32CubeF4\Projects\STM32F411RE-Nucleo\Templates\EWARM\STM32F4xx-Nucleo\Obj\stm32f4xx_hal_ltdc.o
#        D:\stm32NucleoF4\STM32CubeF4\Projects\STM32F411RE-Nucleo\Templates\EWARM\STM32F4xx-Nucleo\Obj\stm32f4xx_hal_msp.o
#        D:\stm32NucleoF4\STM32CubeF4\Projects\STM32F411RE-Nucleo\Templates\EWARM\STM32F4xx-Nucleo\Obj\stm32f4xx_hal_nand.o
#        D:\stm32NucleoF4\STM32CubeF4\Projects\STM32F411RE-Nucleo\Templates\EWARM\STM32F4xx-Nucleo\Obj\stm32f4xx_hal_nor.o
#        D:\stm32NucleoF4\STM32CubeF4\Projects\STM32F411RE-Nucleo\Templates\EWARM\STM32F4xx-Nucleo\Obj\stm32f4xx_hal_pccard.o
#        D:\stm32NucleoF4\STM32CubeF4\Projects\STM32F411RE-Nucleo\Templates\EWARM\STM32F4xx-Nucleo\Obj\stm32f4xx_hal_pcd.o
#        D:\stm32NucleoF4\STM32CubeF4\Projects\STM32F411RE-Nucleo\Templates\EWARM\STM32F4xx-Nucleo\Obj\stm32f4xx_hal_pwr.o
#        D:\stm32NucleoF4\STM32CubeF4\Projects\STM32F411RE-Nucleo\Templates\EWARM\STM32F4xx-Nucleo\Obj\stm32f4xx_hal_pwr_ex.o
#        D:\stm32NucleoF4\STM32CubeF4\Projects\STM32F411RE-Nucleo\Templates\EWARM\STM32F4xx-Nucleo\Obj\stm32f4xx_hal_rcc.o
#        D:\stm32NucleoF4\STM32CubeF4\Projects\STM32F411RE-Nucleo\Templates\EWARM\STM32F4xx-Nucleo\Obj\stm32f4xx_hal_rcc_ex.o
#        D:\stm32NucleoF4\STM32CubeF4\Projects\STM32F411RE-Nucleo\Templates\EWARM\STM32F4xx-Nucleo\Obj\stm32f4xx_hal_rng.o
#        D:\stm32NucleoF4\STM32CubeF4\Projects\STM32F411RE-Nucleo\Templates\EWARM\STM32F4xx-Nucleo\Obj\stm32f4xx_hal_rtc.o
#        D:\stm32NucleoF4\STM32CubeF4\Projects\STM32F411RE-Nucleo\Templates\EWARM\STM32F4xx-Nucleo\Obj\stm32f4xx_hal_rtc_ex.o
#        D:\stm32NucleoF4\STM32CubeF4\Projects\STM32F411RE-Nucleo\Templates\EWARM\STM32F4xx-Nucleo\Obj\stm32f4xx_hal_sd.o
#        D:\stm32NucleoF4\STM32CubeF4\Projects\STM32F411RE-Nucleo\Templates\EWARM\STM32F4xx-Nucleo\Obj\stm32f4xx_hal_smartcard.o
#        D:\stm32NucleoF4\STM32CubeF4\Projects\STM32F411RE-Nucleo\Templates\EWARM\STM32F4xx-Nucleo\Obj\stm32f4xx_hal_spi.o
#        D:\stm32NucleoF4\STM32CubeF4\Projects\STM32F411RE-Nucleo\Templates\EWARM\STM32F4xx-Nucleo\Obj\stm32f4xx_hal_sram.o
#        D:\stm32NucleoF4\STM32CubeF4\Projects\STM32F411RE-Nucleo\Templates\EWARM\STM32F4xx-Nucleo\Obj\stm32f4xx_hal_tim.o
#        D:\stm32NucleoF4\STM32CubeF4\Projects\STM32F411RE-Nucleo\Templates\EWARM\STM32F4xx-Nucleo\Obj\stm32f4xx_hal_tim_ex.o
#        D:\stm32NucleoF4\STM32CubeF4\Projects\STM32F411RE-Nucleo\Templates\EWARM\STM32F4xx-Nucleo\Obj\stm32f4xx_hal_uart.o
#        D:\stm32NucleoF4\STM32CubeF4\Projects\STM32F411RE-Nucleo\Templates\EWARM\STM32F4xx-Nucleo\Obj\stm32f4xx_hal_usart.o
#        D:\stm32NucleoF4\STM32CubeF4\Projects\STM32F411RE-Nucleo\Templates\EWARM\STM32F4xx-Nucleo\Obj\stm32f4xx_hal_wwdg.o
#        D:\stm32NucleoF4\STM32CubeF4\Projects\STM32F411RE-Nucleo\Templates\EWARM\STM32F4xx-Nucleo\Obj\stm32f4xx_it.o
#        D:\stm32NucleoF4\STM32CubeF4\Projects\STM32F411RE-Nucleo\Templates\EWARM\STM32F4xx-Nucleo\Obj\stm32f4xx_ll_fmc.o
#        D:\stm32NucleoF4\STM32CubeF4\Projects\STM32F411RE-Nucleo\Templates\EWARM\STM32F4xx-Nucleo\Obj\stm32f4xx_ll_fsmc.o
#        D:\stm32NucleoF4\STM32CubeF4\Projects\STM32F411RE-Nucleo\Templates\EWARM\STM32F4xx-Nucleo\Obj\stm32f4xx_ll_sdmmc.o
#        D:\stm32NucleoF4\STM32CubeF4\Projects\STM32F411RE-Nucleo\Templates\EWARM\STM32F4xx-Nucleo\Obj\stm32f4xx_ll_usb.o
#        D:\stm32NucleoF4\STM32CubeF4\Projects\STM32F411RE-Nucleo\Templates\EWARM\STM32F4xx-Nucleo\Obj\stm32f4xx_nucleo.o
#        D:\stm32NucleoF4\STM32CubeF4\Projects\STM32F411RE-Nucleo\Templates\EWARM\STM32F4xx-Nucleo\Obj\system_stm32f4xx.o
#        D:\stm32NucleoF4\STM32CubeF4\Projects\STM32F411RE-Nucleo\Templates\EWARM\STM32F4xx-Nucleo\Obj\tasks.o
#        D:\stm32NucleoF4\STM32CubeF4\Projects\STM32F411RE-Nucleo\Templates\EWARM\STM32F4xx-Nucleo\Obj\timers.o
#        --redirect _Printf=_PrintfSmall --redirect _Scanf=_ScanfSmall
#        --no_out_extension -o
#        D:\stm32NucleoF4\STM32CubeF4\Projects\STM32F411RE-Nucleo\Templates\EWARM\STM32F4xx-Nucleo\Exe\Project.out
#        --map
#        D:\stm32NucleoF4\STM32CubeF4\Projects\STM32F411RE-Nucleo\Templates\EWARM\STM32F4xx-Nucleo\List\Project.map
#        --config
#        D:\stm32NucleoF4\STM32CubeF4\Projects\STM32F411RE-Nucleo\Templates\EWARM\stm32f411xe_flash.icf
#        --semihosting --entry __iar_program_start --vfe --text_out locale)
#
###############################################################################

*******************************************************************************
*** RUNTIME MODEL ATTRIBUTES
***

CppFlavor       = *
__SystemLibrary = DLib
__dlib_version  = 6


*******************************************************************************
*** HEAP SELECTION
***

The basic heap was selected because no calls to memory allocation
functions were found in the application outside of system library
functions, and there are calls to deallocation functions in the
application.


*******************************************************************************
*** PLACEMENT SUMMARY
***

"A0":  place at 0x800'0000 { ro section .intvec };
"P1":  place in [from 0x800'0000 to 0x807'ffff] { ro };
define block CSTACK with size = 1K, alignment = 8 { };
define block HEAP with size = 512, alignment = 8 { };
"P2":  place in [from 0x2000'0000 to 0x2001'ffff] {
          rw, block CSTACK, block HEAP };
initialize by copy { rw };

  Section            Kind         Address   Size  Object
  -------            ----         -------   ----  ------
"A0":                                      0x198
  .intvec            ro code   0x800'0000  0x198  startup_stm32f411xe.o [1]
                             - 0x800'0198  0x198

"P1":                                      0xef2
  .text              ro code   0x800'0198  0x2d8  stm32f4xx_hal_rcc.o [1]
  .text              ro code   0x800'0470    0xc  stm32f4xx_hal.o [1]
  .text              ro code   0x800'047c  0x2b8  stm32f4xx_hal_uart.o [1]
  .text              ro code   0x800'0734   0x80  stm32f4xx_hal_msp.o [1]
  .text              ro code   0x800'07b4  0x278  stm32f4xx_hal_rcc.o [1]
  .text              ro code   0x800'0a2c  0x1b0  stm32f4xx_hal_gpio.o [1]
  .text              ro code   0x800'0bdc   0x24  stm32f4xx_hal.o [1]
  .text              ro code   0x800'0c00   0xac  stm32f4xx_hal_cortex.o [1]
  .text              ro code   0x800'0cac  0x128  main.o [1]
  .text              ro code   0x800'0dd4   0x34  stm32f4xx_hal.o [1]
  .text              ro code   0x800'0e08   0x18  stm32f4xx_hal.o [1]
  .text              ro code   0x800'0e20   0x50  system_stm32f4xx.o [1]
  .text              ro code   0x800'0e70   0x38  packbits_init_single.o [4]
  .text              ro code   0x800'0ea8   0x28  data_init.o [4]
  .text              ro code   0x800'0ed0   0x22  fpinit_M.o [3]
  .iar.init_table    const     0x800'0ef4   0x10  - Linker created -
  .text              ro code   0x800'0f04   0x1e  cmain.o [4]
  .text              ro code   0x800'0f22    0x4  low_level_init.o [2]
  .text              ro code   0x800'0f26    0x4  exit.o [2]
  .text              ro code   0x800'0f2c    0xa  cexit.o [4]
  .text              ro code   0x800'0f38   0x14  exit.o [5]
  .text              ro code   0x800'0f4c   0x14  stm32f4xx_it.o [1]
  .text              ro code   0x800'0f60   0x10  stm32f4xx_hal.o [1]
  .text              ro code   0x800'0f70   0x10  startup_stm32f411xe.o [1]
  .text              ro code   0x800'0f80    0xc  cstartup_M.o [4]
  .text              ro code   0x800'0f8c    0x4  startup_stm32f411xe.o [1]
  .text              ro code   0x800'0f90    0x4  startup_stm32f411xe.o [1]
  .text              ro code   0x800'0f94    0x4  startup_stm32f411xe.o [1]
  .text              ro code   0x800'0f98    0x4  startup_stm32f411xe.o [1]
  .text              ro code   0x800'0f9c    0x4  startup_stm32f411xe.o [1]
  .text              ro code   0x800'0fa0    0x4  startup_stm32f411xe.o [1]
  .text              ro code   0x800'0fa4    0x4  startup_stm32f411xe.o [1]
  .text              ro code   0x800'0fa8    0x4  startup_stm32f411xe.o [1]
  .text              ro code   0x800'0fac    0x4  startup_stm32f411xe.o [1]
  .text              ro code   0x800'0fb0    0x4  startup_stm32f411xe.o [1]
  .text              ro code   0x800'0fb4    0x4  startup_stm32f411xe.o [1]
  .text              ro code   0x800'0fb8    0x4  startup_stm32f411xe.o [1]
  .text              ro code   0x800'0fbc    0x4  startup_stm32f411xe.o [1]
  .text              ro code   0x800'0fc0    0x4  startup_stm32f411xe.o [1]
  .text              ro code   0x800'0fc4    0x4  startup_stm32f411xe.o [1]
  .text              ro code   0x800'0fc8    0x4  startup_stm32f411xe.o [1]
  .text              ro code   0x800'0fcc    0x4  startup_stm32f411xe.o [1]
  .text              ro code   0x800'0fd0    0x4  startup_stm32f411xe.o [1]
  .text              ro code   0x800'0fd4    0x4  startup_stm32f411xe.o [1]
  .text              ro code   0x800'0fd8    0x4  startup_stm32f411xe.o [1]
  .text              ro code   0x800'0fdc    0x4  startup_stm32f411xe.o [1]
  .text              ro code   0x800'0fe0    0x4  startup_stm32f411xe.o [1]
  .text              ro code   0x800'0fe4    0x4  startup_stm32f411xe.o [1]
  .text              ro code   0x800'0fe8    0x4  startup_stm32f411xe.o [1]
  .text              ro code   0x800'0fec    0x4  startup_stm32f411xe.o [1]
  .text              ro code   0x800'0ff0    0x4  startup_stm32f411xe.o [1]
  .text              ro code   0x800'0ff4    0x4  startup_stm32f411xe.o [1]
  .text              ro code   0x800'0ff8    0x4  startup_stm32f411xe.o [1]
  .text              ro code   0x800'0ffc    0x4  startup_stm32f411xe.o [1]
  .text              ro code   0x800'1000    0x4  startup_stm32f411xe.o [1]
  .text              ro code   0x800'1004    0x4  startup_stm32f411xe.o [1]
  .text              ro code   0x800'1008    0x4  startup_stm32f411xe.o [1]
  .text              ro code   0x800'100c    0x4  startup_stm32f411xe.o [1]
  .text              ro code   0x800'1010    0x4  startup_stm32f411xe.o [1]
  .text              ro code   0x800'1014    0x4  startup_stm32f411xe.o [1]
  .text              ro code   0x800'1018    0x4  startup_stm32f411xe.o [1]
  .text              ro code   0x800'101c    0x4  startup_stm32f411xe.o [1]
  .text              ro code   0x800'1020    0x4  startup_stm32f411xe.o [1]
  .text              ro code   0x800'1024    0x4  startup_stm32f411xe.o [1]
  .text              ro code   0x800'1028    0x4  startup_stm32f411xe.o [1]
  .text              ro code   0x800'102c    0x4  startup_stm32f411xe.o [1]
  .text              ro code   0x800'1030    0x4  startup_stm32f411xe.o [1]
  .text              ro code   0x800'1034    0x4  startup_stm32f411xe.o [1]
  .text              ro code   0x800'1038    0x4  startup_stm32f411xe.o [1]
  .text              ro code   0x800'103c    0x4  startup_stm32f411xe.o [1]
  .text              ro code   0x800'1040    0x4  startup_stm32f411xe.o [1]
  .text              ro code   0x800'1044    0x4  startup_stm32f411xe.o [1]
  .text              ro code   0x800'1048    0x4  startup_stm32f411xe.o [1]
  .text              ro code   0x800'104c    0x4  startup_stm32f411xe.o [1]
  .text              ro code   0x800'1050    0x4  startup_stm32f411xe.o [1]
  .text              ro code   0x800'1054    0x4  startup_stm32f411xe.o [1]
  .text              ro code   0x800'1058    0x4  startup_stm32f411xe.o [1]
  .text              ro code   0x800'105c    0x4  startup_stm32f411xe.o [1]
  .text              ro code   0x800'1060    0x4  startup_stm32f411xe.o [1]
  .text              ro code   0x800'1064    0x4  startup_stm32f411xe.o [1]
  .text              ro code   0x800'1068    0x4  startup_stm32f411xe.o [1]
  .text              ro code   0x800'106c    0x4  startup_stm32f411xe.o [1]
  .rodata            const     0x800'1070    0x0  packbits_init_single.o [4]
  Initializer bytes  const     0x800'1070   0x1a  <for P2-1>
                             - 0x800'108a  0xef2

"P2", part 1 of 2:                          0x74
  P2-1                        0x2000'0000   0x74  <Init block>
    .data            inited   0x2000'0000   0x5c  main.o [1]
    .data            inited   0x2000'005c   0x14  system_stm32f4xx.o [1]
    .bss             inited   0x2000'0070    0x4  stm32f4xx_hal.o [1]
                            - 0x2000'0074   0x74

"P2", part 2 of 2:                         0x400
  CSTACK                      0x2000'0078  0x400  <Block>
    CSTACK           uninit   0x2000'0078  0x400  <Block tail>
                            - 0x2000'0478  0x400

Unused ranges:

         From           To      Size
         ----           --      ----
   0x800'108a   0x807'ffff  0x7'ef76
  0x2000'0074  0x2000'0077       0x4
  0x2000'0478  0x2001'ffff  0x1'fb88


*******************************************************************************
*** INIT TABLE
***

          Address      Size
          -------      ----
Copy/packbits (__iar_packbits_init_single3)
    1 source range, total size 0x1a (22% of destination):
           0x800'1070  0x1a
    1 destination range, total size 0x74:
          0x2000'0000  0x74



*******************************************************************************
*** MODULE SUMMARY
***

    Module                  ro code  ro data  rw data
    ------                  -------  -------  -------
command line/config:
    -------------------------------------------------
    Total:

D:\stm32NucleoF4\STM32CubeF4\Projects\STM32F411RE-Nucleo\Templates\EWARM\STM32F4xx-Nucleo\Obj: [1]
    main.o                      296       20       92
    startup_stm32f411xe.o       652
    stm32f4xx_hal.o             140        1        4
    stm32f4xx_hal_cortex.o      172
    stm32f4xx_hal_gpio.o        432
    stm32f4xx_hal_msp.o         128
    stm32f4xx_hal_rcc.o       1 360
    stm32f4xx_hal_uart.o        696
    stm32f4xx_it.o               20
    system_stm32f4xx.o           80        5       20
    -------------------------------------------------
    Total:                    3 976       26      116

dl7M_tlf.a: [2]
    exit.o                        4
    low_level_init.o              4
    -------------------------------------------------
    Total:                        8

m7M_tls.a: [3]
    fpinit_M.o                   34
    -------------------------------------------------
    Total:                       34

rt7M_tl.a: [4]
    cexit.o                      10
    cmain.o                      30
    cstartup_M.o                 12
    data_init.o                  40
    packbits_init_single.o       56
    -------------------------------------------------
    Total:                      148

shb_l.a: [5]
    exit.o                       20
    -------------------------------------------------
    Total:                       20

    Gaps                          4        2
    Linker created                        16    1 024
-----------------------------------------------------
    Grand Total:              4 190       44    1 140


*******************************************************************************
*** ENTRY LIST
***

Entry                       Address   Size  Type      Object
-----                       -------   ----  ----      ------
.iar.init_table$$Base    0x800'0ef4          --   Gb  - Linker created -
.iar.init_table$$Limit   0x800'0f04          --   Gb  - Linker created -
?main                    0x800'0f05         Code  Gb  cmain.o [4]
AHBPrescTable           0x2000'005c   0x10  Data  Gb  system_stm32f4xx.o [1]
APBAHBPrescTable         0x800'09c8   0x10  Data  Gb  stm32f4xx_hal_rcc.o [1]
BusFault_Handler         0x800'0f53    0x2  Code  Gb  stm32f4xx_it.o [1]
CSTACK$$Base            0x2000'0078          --   Gb  - Linker created -
CSTACK$$Limit           0x2000'0478          --   Gb  - Linker created -
DebugMon_Handler         0x800'0f59    0x2  Code  Gb  stm32f4xx_it.o [1]
Error_Handler            0x800'0dad   0x14  Code  Lc  main.o [1]
GPIO_InitStruct         0x2000'0040   0x14  Data  Lc  main.o [1]
HAL_Delay                0x800'0e09   0x18  Code  Wk  stm32f4xx_hal.o [1]
HAL_GPIO_Init            0x800'0a2d  0x186  Code  Gb  stm32f4xx_hal_gpio.o [1]
HAL_GPIO_TogglePin       0x800'0bb3    0x8  Code  Gb  stm32f4xx_hal_gpio.o [1]
HAL_GetTick              0x800'0471    0xc  Code  Wk  stm32f4xx_hal.o [1]
HAL_IncTick              0x800'0f61   0x10  Code  Wk  stm32f4xx_hal.o [1]
HAL_Init                 0x800'0dd5   0x30  Code  Gb  stm32f4xx_hal.o [1]
HAL_InitTick             0x800'0bdd   0x24  Code  Wk  stm32f4xx_hal.o [1]
HAL_MspInit              0x800'0735    0x2  Code  Gb  stm32f4xx_hal_msp.o [1]
HAL_NVIC_SetPriority     0x800'0c35   0x3a  Code  Gb  stm32f4xx_hal_cortex.o [1]
HAL_NVIC_SetPriorityGrouping
                         0x800'0c1b   0x1a  Code  Gb  stm32f4xx_hal_cortex.o [1]
HAL_RCC_ClockConfig      0x800'07b5  0x19a  Code  Gb  stm32f4xx_hal_rcc.o [1]
HAL_RCC_GetHCLKFreq      0x800'096d   0x1c  Code  Gb  stm32f4xx_hal_rcc.o [1]
HAL_RCC_GetPCLK1Freq     0x800'0989   0x10  Code  Gb  stm32f4xx_hal_rcc.o [1]
HAL_RCC_GetPCLK2Freq     0x800'0999    0xe  Code  Gb  stm32f4xx_hal_rcc.o [1]
HAL_RCC_OscConfig        0x800'0199  0x2d8  Code  Wk  stm32f4xx_hal_rcc.o [1]
HAL_SYSTICK_Config       0x800'0c6f   0x28  Code  Gb  stm32f4xx_hal_cortex.o [1]
HAL_UART_Init            0x800'047d   0x1e  Code  Gb  stm32f4xx_hal_uart.o [1]
HAL_UART_MspInit         0x800'0737   0x76  Code  Gb  stm32f4xx_hal_msp.o [1]
HAL_UART_Transmit        0x800'04f1   0x9c  Code  Gb  stm32f4xx_hal_uart.o [1]
HardFault_Handler        0x800'0f4f    0x2  Code  Gb  stm32f4xx_it.o [1]
MemManage_Handler        0x800'0f51    0x2  Code  Gb  stm32f4xx_it.o [1]
NMI_Handler              0x800'0f4d    0x2  Code  Gb  stm32f4xx_it.o [1]
PendSV_Handler           0x800'0f5b    0x2  Code  Gb  stm32f4xx_it.o [1]
Region$$Table$$Base      0x800'0ef4          --   Gb  - Linker created -
Region$$Table$$Limit     0x800'0f04          --   Gb  - Linker created -
SVC_Handler              0x800'0f57    0x2  Code  Gb  stm32f4xx_it.o [1]
SysTick_Handler          0x800'0f5d    0x4  Code  Gb  stm32f4xx_it.o [1]
SystemCoreClock         0x2000'006c    0x4  Data  Gb  system_stm32f4xx.o [1]
SystemInit               0x800'0e21   0x3a  Code  Gb  system_stm32f4xx.o [1]
UART_SetConfig           0x800'0643   0xe4  Code  Lc  stm32f4xx_hal_uart.o [1]
UART_WaitOnFlagUntilTimeout
                         0x800'05af   0x94  Code  Lc  stm32f4xx_hal_uart.o [1]
UartHandle              0x2000'0000   0x40  Data  Lc  main.o [1]
UsageFault_Handler       0x800'0f55    0x2  Code  Gb  stm32f4xx_it.o [1]
__NVIC_SetPriority       0x800'0c01   0x1a  Code  Lc  stm32f4xx_hal_cortex.o [1]
__cmain                  0x800'0f05         Code  Gb  cmain.o [4]
__exit                   0x800'0f39   0x14  Code  Gb  exit.o [5]
__iar_data_init3         0x800'0ea9   0x28  Code  Gb  data_init.o [4]
__iar_init_vfp           0x800'0ed1         Code  Gb  fpinit_M.o [3]
__iar_packbits_init_single3
                         0x800'0e71   0x38  Code  Gb  packbits_init_single.o [4]
__iar_program_start      0x800'0f81         Code  Gb  cstartup_M.o [4]
__low_level_init         0x800'0f23    0x4  Code  Gb  low_level_init.o [2]
__vector_table           0x800'0000         Data  Gb  startup_stm32f411xe.o [1]
_call_main               0x800'0f11         Code  Gb  cmain.o [4]
_exit                    0x800'0f2d         Code  Gb  cexit.o [4]
_main                    0x800'0f1f         Code  Gb  cmain.o [4]
exit                     0x800'0f27    0x4  Code  Gb  exit.o [2]
main                     0x800'0cad  0x100  Code  Gb  main.o [1]
task1msg                0x2000'0054    0x8  Data  Lc  main.o [1]
uwTick                  0x2000'0070    0x4  Data  Lc  stm32f4xx_hal.o [1]


[1] = D:\stm32NucleoF4\STM32CubeF4\Projects\STM32F411RE-Nucleo\Templates\EWARM\STM32F4xx-Nucleo\Obj
[2] = dl7M_tlf.a
[3] = m7M_tls.a
[4] = rt7M_tl.a
[5] = shb_l.a

  4 190 bytes of readonly  code memory
     44 bytes of readonly  data memory
  1 140 bytes of readwrite data memory

Errors: none
Warnings: none
