###############################################################################
#
# IAR ELF Linker V8.32.3.193/W32 for ARM                  30/Aug/2019  17:58:40
# Copyright 2007-2019 IAR Systems AB.
#
#    Output file  =  
#        D:\stm32NucleoF4\STM32CubeF4\Projects\STM32F411RE-Nucleo\Templates\EWARM\STM32F4xx-Nucleo\Exe\Project.out
#    Map file     =  
#        D:\stm32NucleoF4\STM32CubeF4\Projects\STM32F411RE-Nucleo\Templates\EWARM\STM32F4xx-Nucleo\List\Project.map
#    Command line =  
#        -f C:\Users\ASUSX5~1\AppData\Local\Temp\EW4FFE.tmp
#        (D:\stm32NucleoF4\STM32CubeF4\Projects\STM32F411RE-Nucleo\Templates\EWARM\STM32F4xx-Nucleo\Obj\croutine.o
#        D:\stm32NucleoF4\STM32CubeF4\Projects\STM32F411RE-Nucleo\Templates\EWARM\STM32F4xx-Nucleo\Obj\event_groups.o
#        D:\stm32NucleoF4\STM32CubeF4\Projects\STM32F411RE-Nucleo\Templates\EWARM\STM32F4xx-Nucleo\Obj\heap_2.o
#        D:\stm32NucleoF4\STM32CubeF4\Projects\STM32F411RE-Nucleo\Templates\EWARM\STM32F4xx-Nucleo\Obj\list.o
#        D:\stm32NucleoF4\STM32CubeF4\Projects\STM32F411RE-Nucleo\Templates\EWARM\STM32F4xx-Nucleo\Obj\main.o
#        D:\stm32NucleoF4\STM32CubeF4\Projects\STM32F411RE-Nucleo\Templates\EWARM\STM32F4xx-Nucleo\Obj\port.o
#        D:\stm32NucleoF4\STM32CubeF4\Projects\STM32F411RE-Nucleo\Templates\EWARM\STM32F4xx-Nucleo\Obj\portasm.o
#        D:\stm32NucleoF4\STM32CubeF4\Projects\STM32F411RE-Nucleo\Templates\EWARM\STM32F4xx-Nucleo\Obj\queue.o
#        D:\stm32NucleoF4\STM32CubeF4\Projects\STM32F411RE-Nucleo\Templates\EWARM\STM32F4xx-Nucleo\Obj\startup_stm32f411xe.o
#        D:\stm32NucleoF4\STM32CubeF4\Projects\STM32F411RE-Nucleo\Templates\EWARM\STM32F4xx-Nucleo\Obj\stm32f4xx_hal.o
#        D:\stm32NucleoF4\STM32CubeF4\Projects\STM32F411RE-Nucleo\Templates\EWARM\STM32F4xx-Nucleo\Obj\stm32f4xx_hal_adc.o
#        D:\stm32NucleoF4\STM32CubeF4\Projects\STM32F411RE-Nucleo\Templates\EWARM\STM32F4xx-Nucleo\Obj\stm32f4xx_hal_adc_ex.o
#        D:\stm32NucleoF4\STM32CubeF4\Projects\STM32F411RE-Nucleo\Templates\EWARM\STM32F4xx-Nucleo\Obj\stm32f4xx_hal_can.o
#        D:\stm32NucleoF4\STM32CubeF4\Projects\STM32F411RE-Nucleo\Templates\EWARM\STM32F4xx-Nucleo\Obj\stm32f4xx_hal_cortex.o
#        D:\stm32NucleoF4\STM32CubeF4\Projects\STM32F411RE-Nucleo\Templates\EWARM\STM32F4xx-Nucleo\Obj\stm32f4xx_hal_crc.o
#        D:\stm32NucleoF4\STM32CubeF4\Projects\STM32F411RE-Nucleo\Templates\EWARM\STM32F4xx-Nucleo\Obj\stm32f4xx_hal_cryp.o
#        D:\stm32NucleoF4\STM32CubeF4\Projects\STM32F411RE-Nucleo\Templates\EWARM\STM32F4xx-Nucleo\Obj\stm32f4xx_hal_cryp_ex.o
#        D:\stm32NucleoF4\STM32CubeF4\Projects\STM32F411RE-Nucleo\Templates\EWARM\STM32F4xx-Nucleo\Obj\stm32f4xx_hal_dac.o
#        D:\stm32NucleoF4\STM32CubeF4\Projects\STM32F411RE-Nucleo\Templates\EWARM\STM32F4xx-Nucleo\Obj\stm32f4xx_hal_dac_ex.o
#        D:\stm32NucleoF4\STM32CubeF4\Projects\STM32F411RE-Nucleo\Templates\EWARM\STM32F4xx-Nucleo\Obj\stm32f4xx_hal_dcmi.o
#        D:\stm32NucleoF4\STM32CubeF4\Projects\STM32F411RE-Nucleo\Templates\EWARM\STM32F4xx-Nucleo\Obj\stm32f4xx_hal_dma.o
#        D:\stm32NucleoF4\STM32CubeF4\Projects\STM32F411RE-Nucleo\Templates\EWARM\STM32F4xx-Nucleo\Obj\stm32f4xx_hal_dma_ex.o
#        D:\stm32NucleoF4\STM32CubeF4\Projects\STM32F411RE-Nucleo\Templates\EWARM\STM32F4xx-Nucleo\Obj\stm32f4xx_hal_eth.o
#        D:\stm32NucleoF4\STM32CubeF4\Projects\STM32F411RE-Nucleo\Templates\EWARM\STM32F4xx-Nucleo\Obj\stm32f4xx_hal_flash.o
#        D:\stm32NucleoF4\STM32CubeF4\Projects\STM32F411RE-Nucleo\Templates\EWARM\STM32F4xx-Nucleo\Obj\stm32f4xx_hal_flash_ex.o
#        D:\stm32NucleoF4\STM32CubeF4\Projects\STM32F411RE-Nucleo\Templates\EWARM\STM32F4xx-Nucleo\Obj\stm32f4xx_hal_gpio.o
#        D:\stm32NucleoF4\STM32CubeF4\Projects\STM32F411RE-Nucleo\Templates\EWARM\STM32F4xx-Nucleo\Obj\stm32f4xx_hal_hash.o
#        D:\stm32NucleoF4\STM32CubeF4\Projects\STM32F411RE-Nucleo\Templates\EWARM\STM32F4xx-Nucleo\Obj\stm32f4xx_hal_hash_ex.o
#        D:\stm32NucleoF4\STM32CubeF4\Projects\STM32F411RE-Nucleo\Templates\EWARM\STM32F4xx-Nucleo\Obj\stm32f4xx_hal_hcd.o
#        D:\stm32NucleoF4\STM32CubeF4\Projects\STM32F411RE-Nucleo\Templates\EWARM\STM32F4xx-Nucleo\Obj\stm32f4xx_hal_i2c.o
#        D:\stm32NucleoF4\STM32CubeF4\Projects\STM32F411RE-Nucleo\Templates\EWARM\STM32F4xx-Nucleo\Obj\stm32f4xx_hal_i2c_ex.o
#        D:\stm32NucleoF4\STM32CubeF4\Projects\STM32F411RE-Nucleo\Templates\EWARM\STM32F4xx-Nucleo\Obj\stm32f4xx_hal_i2s.o
#        D:\stm32NucleoF4\STM32CubeF4\Projects\STM32F411RE-Nucleo\Templates\EWARM\STM32F4xx-Nucleo\Obj\stm32f4xx_hal_i2s_ex.o
#        D:\stm32NucleoF4\STM32CubeF4\Projects\STM32F411RE-Nucleo\Templates\EWARM\STM32F4xx-Nucleo\Obj\stm32f4xx_hal_irda.o
#        D:\stm32NucleoF4\STM32CubeF4\Projects\STM32F411RE-Nucleo\Templates\EWARM\STM32F4xx-Nucleo\Obj\stm32f4xx_hal_iwdg.o
#        D:\stm32NucleoF4\STM32CubeF4\Projects\STM32F411RE-Nucleo\Templates\EWARM\STM32F4xx-Nucleo\Obj\stm32f4xx_hal_ltdc.o
#        D:\stm32NucleoF4\STM32CubeF4\Projects\STM32F411RE-Nucleo\Templates\EWARM\STM32F4xx-Nucleo\Obj\stm32f4xx_hal_msp.o
#        D:\stm32NucleoF4\STM32CubeF4\Projects\STM32F411RE-Nucleo\Templates\EWARM\STM32F4xx-Nucleo\Obj\stm32f4xx_hal_nand.o
#        D:\stm32NucleoF4\STM32CubeF4\Projects\STM32F411RE-Nucleo\Templates\EWARM\STM32F4xx-Nucleo\Obj\stm32f4xx_hal_nor.o
#        D:\stm32NucleoF4\STM32CubeF4\Projects\STM32F411RE-Nucleo\Templates\EWARM\STM32F4xx-Nucleo\Obj\stm32f4xx_hal_pccard.o
#        D:\stm32NucleoF4\STM32CubeF4\Projects\STM32F411RE-Nucleo\Templates\EWARM\STM32F4xx-Nucleo\Obj\stm32f4xx_hal_pcd.o
#        D:\stm32NucleoF4\STM32CubeF4\Projects\STM32F411RE-Nucleo\Templates\EWARM\STM32F4xx-Nucleo\Obj\stm32f4xx_hal_pwr.o
#        D:\stm32NucleoF4\STM32CubeF4\Projects\STM32F411RE-Nucleo\Templates\EWARM\STM32F4xx-Nucleo\Obj\stm32f4xx_hal_pwr_ex.o
#        D:\stm32NucleoF4\STM32CubeF4\Projects\STM32F411RE-Nucleo\Templates\EWARM\STM32F4xx-Nucleo\Obj\stm32f4xx_hal_rcc.o
#        D:\stm32NucleoF4\STM32CubeF4\Projects\STM32F411RE-Nucleo\Templates\EWARM\STM32F4xx-Nucleo\Obj\stm32f4xx_hal_rcc_ex.o
#        D:\stm32NucleoF4\STM32CubeF4\Projects\STM32F411RE-Nucleo\Templates\EWARM\STM32F4xx-Nucleo\Obj\stm32f4xx_hal_rng.o
#        D:\stm32NucleoF4\STM32CubeF4\Projects\STM32F411RE-Nucleo\Templates\EWARM\STM32F4xx-Nucleo\Obj\stm32f4xx_hal_rtc.o
#        D:\stm32NucleoF4\STM32CubeF4\Projects\STM32F411RE-Nucleo\Templates\EWARM\STM32F4xx-Nucleo\Obj\stm32f4xx_hal_rtc_ex.o
#        D:\stm32NucleoF4\STM32CubeF4\Projects\STM32F411RE-Nucleo\Templates\EWARM\STM32F4xx-Nucleo\Obj\stm32f4xx_hal_sd.o
#        D:\stm32NucleoF4\STM32CubeF4\Projects\STM32F411RE-Nucleo\Templates\EWARM\STM32F4xx-Nucleo\Obj\stm32f4xx_hal_smartcard.o
#        D:\stm32NucleoF4\STM32CubeF4\Projects\STM32F411RE-Nucleo\Templates\EWARM\STM32F4xx-Nucleo\Obj\stm32f4xx_hal_spi.o
#        D:\stm32NucleoF4\STM32CubeF4\Projects\STM32F411RE-Nucleo\Templates\EWARM\STM32F4xx-Nucleo\Obj\stm32f4xx_hal_sram.o
#        D:\stm32NucleoF4\STM32CubeF4\Projects\STM32F411RE-Nucleo\Templates\EWARM\STM32F4xx-Nucleo\Obj\stm32f4xx_hal_tim.o
#        D:\stm32NucleoF4\STM32CubeF4\Projects\STM32F411RE-Nucleo\Templates\EWARM\STM32F4xx-Nucleo\Obj\stm32f4xx_hal_tim_ex.o
#        D:\stm32NucleoF4\STM32CubeF4\Projects\STM32F411RE-Nucleo\Templates\EWARM\STM32F4xx-Nucleo\Obj\stm32f4xx_hal_uart.o
#        D:\stm32NucleoF4\STM32CubeF4\Projects\STM32F411RE-Nucleo\Templates\EWARM\STM32F4xx-Nucleo\Obj\stm32f4xx_hal_usart.o
#        D:\stm32NucleoF4\STM32CubeF4\Projects\STM32F411RE-Nucleo\Templates\EWARM\STM32F4xx-Nucleo\Obj\stm32f4xx_hal_wwdg.o
#        D:\stm32NucleoF4\STM32CubeF4\Projects\STM32F411RE-Nucleo\Templates\EWARM\STM32F4xx-Nucleo\Obj\stm32f4xx_it.o
#        D:\stm32NucleoF4\STM32CubeF4\Projects\STM32F411RE-Nucleo\Templates\EWARM\STM32F4xx-Nucleo\Obj\stm32f4xx_ll_fmc.o
#        D:\stm32NucleoF4\STM32CubeF4\Projects\STM32F411RE-Nucleo\Templates\EWARM\STM32F4xx-Nucleo\Obj\stm32f4xx_ll_fsmc.o
#        D:\stm32NucleoF4\STM32CubeF4\Projects\STM32F411RE-Nucleo\Templates\EWARM\STM32F4xx-Nucleo\Obj\stm32f4xx_ll_sdmmc.o
#        D:\stm32NucleoF4\STM32CubeF4\Projects\STM32F411RE-Nucleo\Templates\EWARM\STM32F4xx-Nucleo\Obj\stm32f4xx_ll_usb.o
#        D:\stm32NucleoF4\STM32CubeF4\Projects\STM32F411RE-Nucleo\Templates\EWARM\STM32F4xx-Nucleo\Obj\stm32f4xx_nucleo.o
#        D:\stm32NucleoF4\STM32CubeF4\Projects\STM32F411RE-Nucleo\Templates\EWARM\STM32F4xx-Nucleo\Obj\system_stm32f4xx.o
#        D:\stm32NucleoF4\STM32CubeF4\Projects\STM32F411RE-Nucleo\Templates\EWARM\STM32F4xx-Nucleo\Obj\tasks.o
#        D:\stm32NucleoF4\STM32CubeF4\Projects\STM32F411RE-Nucleo\Templates\EWARM\STM32F4xx-Nucleo\Obj\timers.o
#        --redirect _Printf=_PrintfSmall --redirect _Scanf=_ScanfSmall
#        --no_out_extension -o
#        D:\stm32NucleoF4\STM32CubeF4\Projects\STM32F411RE-Nucleo\Templates\EWARM\STM32F4xx-Nucleo\Exe\Project.out
#        --map
#        D:\stm32NucleoF4\STM32CubeF4\Projects\STM32F411RE-Nucleo\Templates\EWARM\STM32F4xx-Nucleo\List\Project.map
#        --config
#        D:\stm32NucleoF4\STM32CubeF4\Projects\STM32F411RE-Nucleo\Templates\EWARM\stm32f411xe_flash.icf
#        --semihosting --entry __iar_program_start --vfe --text_out locale)
#
###############################################################################

*******************************************************************************
*** RUNTIME MODEL ATTRIBUTES
***

CppFlavor       = *
__SystemLibrary = DLib
__dlib_version  = 6


*******************************************************************************
*** HEAP SELECTION
***

The basic heap was selected because no calls to memory allocation
functions were found in the application outside of system library
functions, and there are calls to deallocation functions in the
application.


*******************************************************************************
*** PLACEMENT SUMMARY
***

"A0":  place at 0x800'0000 { ro section .intvec };
"P1":  place in [from 0x800'0000 to 0x807'ffff] { ro };
define block CSTACK with size = 1K, alignment = 8 { };
define block HEAP with size = 512, alignment = 8 { };
"P2":  place in [from 0x2000'0000 to 0x2001'ffff] {
          rw, block CSTACK, block HEAP };
initialize by copy { rw };

  Section            Kind         Address    Size  Object
  -------            ----         -------    ----  ------
"A0":                                       0x198
  .intvec            ro code   0x800'0000   0x198  startup_stm32f411xe.o [1]
                             - 0x800'0198   0x198

"P1":                                      0x1ca1
  .text              ro code   0x800'0198   0x598  tasks.o [1]
  .text              ro code   0x800'0730   0x18c  port.o [1]
  .text              ro code   0x800'08bc    0x90  list.o [1]
  .text              ro code   0x800'094c    0xe4  heap_2.o [1]
  .text              ro code   0x800'0a30    0x3a  ABImemset48.o [4]
  .text              ro code   0x800'0a6a    0x3a  zero_init3.o [4]
  CODE               ro code   0x800'0aa4    0xa8  portasm.o [1]
  .text              ro code   0x800'0b4c   0x364  stm32f4xx_hal_uart.o [1]
  .text              ro code   0x800'0eb0    0x80  stm32f4xx_hal_msp.o [1]
  .text              ro code   0x800'0f30     0xc  stm32f4xx_hal.o [1]
  .text              ro code   0x800'0f3c   0x278  stm32f4xx_hal_rcc.o [1]
  .text              ro code   0x800'11b4   0x1b0  stm32f4xx_hal_gpio.o [1]
  .text              ro code   0x800'1364    0x24  stm32f4xx_hal.o [1]
  .text              ro code   0x800'1388    0xac  stm32f4xx_hal_cortex.o [1]
  .text              ro code   0x800'1434   0x2d8  stm32f4xx_hal_rcc.o [1]
  .text              ro code   0x800'170c   0x290  main.o [1]
  .text              ro code   0x800'199c    0x34  stm32f4xx_hal.o [1]
  .text              ro code   0x800'19d0    0xf0  queue.o [1]
  .text              ro code   0x800'1ac0    0x18  stm32f4xx_hal.o [1]
  .text              ro code   0x800'1ad8    0x50  system_stm32f4xx.o [1]
  .text              ro code   0x800'1b28    0x38  packbits_init_single.o [4]
  .text              ro code   0x800'1b60    0x28  data_init.o [4]
  .text              ro code   0x800'1b88    0x22  fpinit_M.o [3]
  .iar.init_table    const     0x800'1bac    0x20  - Linker created -
  .text              ro code   0x800'1bcc    0x1e  cmain.o [4]
  .text              ro code   0x800'1bea     0x4  low_level_init.o [2]
  .text              ro code   0x800'1bee     0x4  exit.o [2]
  .text              ro code   0x800'1bf4     0xa  cexit.o [4]
  .text              ro code   0x800'1c00    0x14  exit.o [5]
  .text              ro code   0x800'1c14    0x10  startup_stm32f411xe.o [1]
  .text              ro code   0x800'1c24     0xc  stm32f4xx_it.o [1]
  .text              ro code   0x800'1c30     0xc  cstartup_M.o [4]
  .text              ro code   0x800'1c3c     0x4  startup_stm32f411xe.o [1]
  .text              ro code   0x800'1c40     0x4  startup_stm32f411xe.o [1]
  .text              ro code   0x800'1c44     0x4  startup_stm32f411xe.o [1]
  .text              ro code   0x800'1c48     0x4  startup_stm32f411xe.o [1]
  .text              ro code   0x800'1c4c     0x4  startup_stm32f411xe.o [1]
  .text              ro code   0x800'1c50     0x4  startup_stm32f411xe.o [1]
  .text              ro code   0x800'1c54     0x4  startup_stm32f411xe.o [1]
  .text              ro code   0x800'1c58     0x4  startup_stm32f411xe.o [1]
  .text              ro code   0x800'1c5c     0x4  startup_stm32f411xe.o [1]
  .text              ro code   0x800'1c60     0x4  startup_stm32f411xe.o [1]
  .text              ro code   0x800'1c64     0x4  startup_stm32f411xe.o [1]
  .text              ro code   0x800'1c68     0x4  startup_stm32f411xe.o [1]
  .text              ro code   0x800'1c6c     0x4  startup_stm32f411xe.o [1]
  .text              ro code   0x800'1c70     0x4  startup_stm32f411xe.o [1]
  .text              ro code   0x800'1c74     0x4  startup_stm32f411xe.o [1]
  .text              ro code   0x800'1c78     0x4  startup_stm32f411xe.o [1]
  .text              ro code   0x800'1c7c     0x4  startup_stm32f411xe.o [1]
  .text              ro code   0x800'1c80     0x4  startup_stm32f411xe.o [1]
  .text              ro code   0x800'1c84     0x4  startup_stm32f411xe.o [1]
  .text              ro code   0x800'1c88     0x4  startup_stm32f411xe.o [1]
  .text              ro code   0x800'1c8c     0x4  startup_stm32f411xe.o [1]
  .text              ro code   0x800'1c90     0x4  startup_stm32f411xe.o [1]
  .text              ro code   0x800'1c94     0x4  startup_stm32f411xe.o [1]
  .text              ro code   0x800'1c98     0x4  startup_stm32f411xe.o [1]
  .text              ro code   0x800'1c9c     0x4  startup_stm32f411xe.o [1]
  .text              ro code   0x800'1ca0     0x4  startup_stm32f411xe.o [1]
  .text              ro code   0x800'1ca4     0x4  startup_stm32f411xe.o [1]
  .text              ro code   0x800'1ca8     0x4  startup_stm32f411xe.o [1]
  .text              ro code   0x800'1cac     0x4  startup_stm32f411xe.o [1]
  .text              ro code   0x800'1cb0     0x4  startup_stm32f411xe.o [1]
  .text              ro code   0x800'1cb4     0x4  startup_stm32f411xe.o [1]
  .text              ro code   0x800'1cb8     0x4  startup_stm32f411xe.o [1]
  .text              ro code   0x800'1cbc     0x4  startup_stm32f411xe.o [1]
  .text              ro code   0x800'1cc0     0x4  startup_stm32f411xe.o [1]
  .text              ro code   0x800'1cc4     0x4  startup_stm32f411xe.o [1]
  .text              ro code   0x800'1cc8     0x4  startup_stm32f411xe.o [1]
  .text              ro code   0x800'1ccc     0x4  startup_stm32f411xe.o [1]
  .text              ro code   0x800'1cd0     0x4  startup_stm32f411xe.o [1]
  .text              ro code   0x800'1cd4     0x4  startup_stm32f411xe.o [1]
  .text              ro code   0x800'1cd8     0x4  startup_stm32f411xe.o [1]
  .text              ro code   0x800'1cdc     0x4  startup_stm32f411xe.o [1]
  .text              ro code   0x800'1ce0     0x4  startup_stm32f411xe.o [1]
  .text              ro code   0x800'1ce4     0x4  startup_stm32f411xe.o [1]
  .text              ro code   0x800'1ce8     0x4  startup_stm32f411xe.o [1]
  .text              ro code   0x800'1cec     0x4  startup_stm32f411xe.o [1]
  .text              ro code   0x800'1cf0     0x4  startup_stm32f411xe.o [1]
  .text              ro code   0x800'1cf4     0x4  startup_stm32f411xe.o [1]
  .text              ro code   0x800'1cf8     0x4  startup_stm32f411xe.o [1]
  .text              ro code   0x800'1cfc     0x4  startup_stm32f411xe.o [1]
  .text              ro code   0x800'1d00     0x4  startup_stm32f411xe.o [1]
  .text              ro code   0x800'1d04     0x4  startup_stm32f411xe.o [1]
  .text              ro code   0x800'1d08     0x4  startup_stm32f411xe.o [1]
  .text              ro code   0x800'1d0c     0x4  startup_stm32f411xe.o [1]
  .text              ro code   0x800'1d10     0x4  startup_stm32f411xe.o [1]
  .text              ro code   0x800'1d14     0x4  startup_stm32f411xe.o [1]
  .text              ro code   0x800'1d18     0x4  startup_stm32f411xe.o [1]
  .text              ro code   0x800'1d1c     0x4  startup_stm32f411xe.o [1]
  .rodata            const     0x800'1d20     0x0  zero_init3.o [4]
  .rodata            const     0x800'1d20     0x0  packbits_init_single.o [4]
  Initializer bytes  const     0x800'1d20   0x119  <for P2-1>
                             - 0x800'1e39  0x1ca1

"P2", part 1 of 3:                         0x3d44
  P2-1                        0x2000'0000  0x3d44  <Init block>
    .data            inited   0x2000'0000  0x3c18  heap_2.o [1]
    .data            inited   0x2000'3c18    0x70  main.o [1]
    .data            inited   0x2000'3c88     0xc  port.o [1]
    .data            inited   0x2000'3c94    0x14  system_stm32f4xx.o [1]
    .data            inited   0x2000'3ca8    0x9c  tasks.o [1]
                            - 0x2000'3d44  0x3d44

"P2", part 2 of 3:                           0x90
  .bss               zero     0x2000'3d44    0x8c  tasks.o [1]
  .bss               zero     0x2000'3dd0     0x4  stm32f4xx_hal.o [1]
                            - 0x2000'3dd4    0x90

"P2", part 3 of 3:                          0x400
  CSTACK                      0x2000'3dd8   0x400  <Block>
    CSTACK           uninit   0x2000'3dd8   0x400  <Block tail>
                            - 0x2000'41d8   0x400

Unused ranges:

         From           To      Size
         ----           --      ----
   0x800'1e39   0x807'ffff  0x7'e1c7
  0x2000'3dd4  0x2000'3dd7       0x4
  0x2000'41d8  0x2001'ffff  0x1'be28


*******************************************************************************
*** INIT TABLE
***

          Address      Size
          -------      ----
Zero (__iar_zero_init3)
    1 destination range, total size 0x90:
          0x2000'3d44    0x90

Copy/packbits (__iar_packbits_init_single3)
    1 source range, total size 0x119 (1% of destination):
           0x800'1d20   0x119
    1 destination range, total size 0x3d44:
          0x2000'0000  0x3d44



*******************************************************************************
*** MODULE SUMMARY
***

    Module                  ro code  ro data  rw data
    ------                  -------  -------  -------
command line/config:
    -------------------------------------------------
    Total:

D:\stm32NucleoF4\STM32CubeF4\Projects\STM32F411RE-Nucleo\Templates\EWARM\STM32F4xx-Nucleo\Obj: [1]
    heap_2.o                    228      275   15 384
    list.o                      144
    main.o                      656        2      112
    port.o                      396                12
    portasm.o                   168
    queue.o                     240
    startup_stm32f411xe.o       652
    stm32f4xx_hal.o             124                 4
    stm32f4xx_hal_cortex.o      172
    stm32f4xx_hal_gpio.o        432
    stm32f4xx_hal_msp.o         128
    stm32f4xx_hal_rcc.o       1 360
    stm32f4xx_hal_uart.o        868
    stm32f4xx_it.o               12
    system_stm32f4xx.o           80        1       20
    tasks.o                   1 432        3      296
    -------------------------------------------------
    Total:                    7 092      281   15 828

dl7M_tlf.a: [2]
    exit.o                        4
    low_level_init.o              4
    -------------------------------------------------
    Total:                        8

m7M_tls.a: [3]
    fpinit_M.o                   34
    -------------------------------------------------
    Total:                       34

rt7M_tl.a: [4]
    ABImemset48.o                58
    cexit.o                      10
    cmain.o                      30
    cstartup_M.o                 12
    data_init.o                  40
    packbits_init_single.o       56
    zero_init3.o                 58
    -------------------------------------------------
    Total:                      264

shb_l.a: [5]
    exit.o                       20
    -------------------------------------------------
    Total:                       20

    Gaps                          4        2
    Linker created                        32    1 024
-----------------------------------------------------
    Grand Total:              7 422      315   16 852


*******************************************************************************
*** ENTRY LIST
***

Entry                       Address    Size  Type      Object
-----                       -------    ----  ----      ------
.iar.init_table$$Base    0x800'1bac           --   Gb  - Linker created -
.iar.init_table$$Limit   0x800'1bcc           --   Gb  - Linker created -
?main                    0x800'1bcd          Code  Gb  cmain.o [4]
AHBPrescTable           0x2000'3c94    0x10  Data  Gb  system_stm32f4xx.o [1]
APBAHBPrescTable         0x800'1150    0x10  Data  Gb  stm32f4xx_hal_rcc.o [1]
BusFault_Handler         0x800'1c2b     0x2  Code  Gb  stm32f4xx_it.o [1]
CSTACK$$Base            0x2000'3dd8           --   Gb  - Linker created -
CSTACK$$Limit           0x2000'41d8           --   Gb  - Linker created -
DebugMon_Handler         0x800'1c2f     0x2  Code  Gb  stm32f4xx_it.o [1]
Error_Handler            0x800'192d    0x14  Code  Lc  main.o [1]
GPIO_InitStruct         0x2000'3c58    0x14  Data  Lc  main.o [1]
HAL_Delay                0x800'1ac1    0x18  Code  Wk  stm32f4xx_hal.o [1]
HAL_GPIO_Init            0x800'11b5   0x186  Code  Gb  stm32f4xx_hal_gpio.o [1]
HAL_GPIO_TogglePin       0x800'133b     0x8  Code  Gb  stm32f4xx_hal_gpio.o [1]
HAL_GetTick              0x800'0f31     0xc  Code  Wk  stm32f4xx_hal.o [1]
HAL_Init                 0x800'199d    0x30  Code  Gb  stm32f4xx_hal.o [1]
HAL_InitTick             0x800'1365    0x24  Code  Wk  stm32f4xx_hal.o [1]
HAL_MspInit              0x800'0eb1     0x2  Code  Gb  stm32f4xx_hal_msp.o [1]
HAL_NVIC_SetPriority     0x800'13bd    0x3a  Code  Gb  stm32f4xx_hal_cortex.o [1]
HAL_NVIC_SetPriorityGrouping
                         0x800'13a3    0x1a  Code  Gb  stm32f4xx_hal_cortex.o [1]
HAL_RCC_ClockConfig      0x800'0f3d   0x19a  Code  Gb  stm32f4xx_hal_rcc.o [1]
HAL_RCC_GetHCLKFreq      0x800'10f5    0x1c  Code  Gb  stm32f4xx_hal_rcc.o [1]
HAL_RCC_GetPCLK1Freq     0x800'1111    0x10  Code  Gb  stm32f4xx_hal_rcc.o [1]
HAL_RCC_GetPCLK2Freq     0x800'1121     0xe  Code  Gb  stm32f4xx_hal_rcc.o [1]
HAL_RCC_OscConfig        0x800'1435   0x2d8  Code  Wk  stm32f4xx_hal_rcc.o [1]
HAL_SYSTICK_Config       0x800'13f7    0x28  Code  Gb  stm32f4xx_hal_cortex.o [1]
HAL_UART_Init            0x800'0b4d    0x1e  Code  Gb  stm32f4xx_hal_uart.o [1]
HAL_UART_MspInit         0x800'0eb3    0x76  Code  Gb  stm32f4xx_hal_msp.o [1]
HAL_UART_Receive         0x800'0c5d    0xac  Code  Gb  stm32f4xx_hal_uart.o [1]
HAL_UART_Transmit        0x800'0bc1    0x9c  Code  Gb  stm32f4xx_hal_uart.o [1]
HardFault_Handler        0x800'1c27     0x2  Code  Gb  stm32f4xx_it.o [1]
MemManage_Handler        0x800'1c29     0x2  Code  Gb  stm32f4xx_it.o [1]
NMI_Handler              0x800'1c25     0x2  Code  Gb  stm32f4xx_it.o [1]
Region$$Table$$Base      0x800'1bac           --   Gb  - Linker created -
Region$$Table$$Limit     0x800'1bcc           --   Gb  - Linker created -
SystemCoreClock         0x2000'3ca4     0x4  Data  Gb  system_stm32f4xx.o [1]
SystemInit               0x800'1ad9    0x3a  Code  Gb  system_stm32f4xx.o [1]
Task1                   0x2000'3c7c     0x4  Data  Gb  main.o [1]
Task2                   0x2000'3c80     0x4  Data  Gb  main.o [1]
Task3                   0x2000'3c84     0x4  Data  Gb  main.o [1]
UART_SetConfig           0x800'0dbf    0xe4  Code  Lc  stm32f4xx_hal_uart.o [1]
UART_WaitOnFlagUntilTimeout
                         0x800'0d2b    0x94  Code  Lc  stm32f4xx_hal_uart.o [1]
UartHandle              0x2000'3c18    0x40  Data  Lc  main.o [1]
UsageFault_Handler       0x800'1c2d     0x2  Code  Gb  stm32f4xx_it.o [1]
__NVIC_SetPriority       0x800'1389    0x1a  Code  Lc  stm32f4xx_hal_cortex.o [1]
__aeabi_memset4          0x800'0a31          Code  Gb  ABImemset48.o [4]
__aeabi_memset8          0x800'0a31          Code  Gb  ABImemset48.o [4]
__cmain                  0x800'1bcd          Code  Gb  cmain.o [4]
__exit                   0x800'1c01    0x14  Code  Gb  exit.o [5]
__iar_Memset4_word       0x800'0a39          Code  Gb  ABImemset48.o [4]
__iar_Memset8_word       0x800'0a39          Code  Gb  ABImemset48.o [4]
__iar_data_init3         0x800'1b61    0x28  Code  Gb  data_init.o [4]
__iar_init_vfp           0x800'1b89          Code  Gb  fpinit_M.o [3]
__iar_packbits_init_single3
                         0x800'1b29    0x38  Code  Gb  packbits_init_single.o [4]
__iar_program_start      0x800'1c31          Code  Gb  cstartup_M.o [4]
__iar_zero_init3         0x800'0a6b    0x3a  Code  Gb  zero_init3.o [4]
__low_level_init         0x800'1beb     0x4  Code  Gb  low_level_init.o [2]
__vector_table           0x800'0000          Data  Gb  startup_stm32f411xe.o [1]
_call_main               0x800'1bd9          Code  Gb  cmain.o [4]
_exit                    0x800'1bf5          Code  Gb  cexit.o [4]
_main                    0x800'1be7          Code  Gb  cmain.o [4]
exit                     0x800'1bef     0x4  Code  Gb  exit.o [2]
main                     0x800'1785   0x18a  Code  Gb  main.o [1]
prvAddCurrentTaskToDelayedList
                         0x800'066f    0x32  Code  Lc  tasks.o [1]
prvAllocateTCBAndStack   0x800'06a1    0x38  Code  Lc  tasks.o [1]
prvIdleTask              0x800'05c5    0x5a  Code  Lc  tasks.o [1]
prvInitialiseTCBVariables
                         0x800'061f    0x50  Code  Lc  tasks.o [1]
prvResetNextTaskUnblockTime
                         0x800'06d9    0x1c  Code  Lc  tasks.o [1]
prvTaskExitError         0x800'0755    0x1c  Code  Lc  port.o [1]
pvPortMalloc             0x800'094d    0xaa  Code  Gb  heap_2.o [1]
pvPortMalloc::xHeapHasBeenInitialised
                        0x2000'0014     0x4  Data  Lc  heap_2.o [1]
pxCurrentTCB            0x2000'3cd0     0x4  Data  Gb  tasks.o [1]
pxDelayedTaskList       0x2000'3cd4     0x4  Data  Lc  tasks.o [1]
pxOverflowDelayedTaskList
                        0x2000'3cd8     0x4  Data  Lc  tasks.o [1]
pxPortInitialiseStack    0x800'0731    0x22  Code  Gb  port.o [1]
pxReadyTasksLists       0x2000'3d44    0x8c  Data  Lc  tasks.o [1]
task1msg                0x2000'3c74     0x8  Data  Lc  main.o [1]
ucHeap                  0x2000'0018  0x3c00  Data  Lc  heap_2.o [1]
ucMaxSysCallPriority    0x2000'3c88     0x1  Data  Lc  port.o [1]
ulMaxPRIGROUPValue      0x2000'3c90     0x4  Data  Lc  port.o [1]
uwTick                  0x2000'3dd0     0x4  Data  Lc  stm32f4xx_hal.o [1]
uxCriticalNesting       0x2000'3c8c     0x4  Data  Lc  port.o [1]
uxCurrentNumberOfTasks  0x2000'3cf4     0x4  Data  Lc  tasks.o [1]
uxListRemove             0x800'0929    0x24  Code  Gb  list.o [1]
uxPendedTicks           0x2000'3d04     0x4  Data  Lc  tasks.o [1]
uxSchedulerSuspended    0x2000'3d18     0x4  Data  Lc  tasks.o [1]
uxTaskNumber            0x2000'3d10     0x4  Data  Lc  tasks.o [1]
uxTasksDeleted          0x2000'3cdc     0x4  Data  Lc  tasks.o [1]
uxTopReadyPriority      0x2000'3cfc     0x4  Data  Lc  tasks.o [1]
vListInitialise          0x800'08bd    0x1a  Code  Gb  list.o [1]
vListInitialiseItem      0x800'08d7     0x6  Code  Gb  list.o [1]
vListInsert              0x800'08f7    0x32  Code  Gb  list.o [1]
vListInsertEnd           0x800'08dd    0x1a  Code  Gb  list.o [1]
vPortEnableVFP           0x800'0b31          Code  Gb  portasm.o [1]
vPortEnterCritical       0x800'0801    0x32  Code  Gb  port.o [1]
vPortExitCritical        0x800'0833    0x22  Code  Gb  port.o [1]
vPortFree                0x800'09f7    0x36  Code  Gb  heap_2.o [1]
vPortSVCHandler          0x800'0afd          Code  Gb  portasm.o [1]
vPortStartFirstTask      0x800'0b19          Code  Gb  portasm.o [1]
vTask1Code               0x800'170d    0x20  Code  Lc  main.o [1]
vTask2Code               0x800'172d    0x2c  Code  Lc  main.o [1]
vTask3Code               0x800'176d    0x16  Code  Lc  main.o [1]
vTaskDelay               0x800'02bd    0x40  Code  Gb  tasks.o [1]
vTaskStartScheduler      0x800'033d    0x52  Code  Gb  tasks.o [1]
vTaskSuspendAll          0x800'038f     0xc  Code  Gb  tasks.o [1]
vTaskSwitchContext       0x800'04ff    0x52  Code  Gb  tasks.o [1]
xDelayedTaskList1       0x2000'3d1c    0x14  Data  Lc  tasks.o [1]
xDelayedTaskList2       0x2000'3d30    0x14  Data  Lc  tasks.o [1]
xEnd                    0x2000'0008     0x8  Data  Lc  heap_2.o [1]
xFreeBytesRemaining     0x2000'0010     0x4  Data  Lc  heap_2.o [1]
xNextTaskUnblockTime    0x2000'3d14     0x4  Data  Lc  tasks.o [1]
xNumOfOverflows         0x2000'3d0c     0x4  Data  Lc  tasks.o [1]
xPendingReadyList       0x2000'3ca8    0x14  Data  Lc  tasks.o [1]
xPortPendSVHandler       0x800'0aa5          Code  Gb  portasm.o [1]
xPortStartScheduler      0x800'0771    0x90  Code  Gb  port.o [1]
xPortSysTickHandler      0x800'0855    0x1e  Code  Gb  port.o [1]
xQueue1                 0x2000'3c6c     0x4  Data  Gb  main.o [1]
xQueueGenericCreate      0x800'1a43    0x52  Code  Gb  queue.o [1]
xQueueGenericReset       0x800'19d1    0x72  Code  Gb  queue.o [1]
xSchedulerRunning       0x2000'3d00     0x4  Data  Lc  tasks.o [1]
xSemaphore              0x2000'3c70     0x4  Data  Gb  main.o [1]
xStart                  0x2000'0000     0x8  Data  Lc  heap_2.o [1]
xSuspendedTaskList      0x2000'3ce0    0x14  Data  Lc  tasks.o [1]
xTaskGenericCreate       0x800'0199   0x124  Code  Gb  tasks.o [1]
xTaskIncrementTick       0x800'0441    0xbe  Code  Gb  tasks.o [1]
xTaskRemoveFromEventList
                         0x800'0561    0x4c  Code  Gb  tasks.o [1]
xTaskResumeAll           0x800'039b    0x9e  Code  Gb  tasks.o [1]
xTasksWaitingTermination
                        0x2000'3cbc    0x14  Data  Lc  tasks.o [1]
xTickCount              0x2000'3cf8     0x4  Data  Lc  tasks.o [1]
xYieldPending           0x2000'3d08     0x4  Data  Lc  tasks.o [1]


[1] = D:\stm32NucleoF4\STM32CubeF4\Projects\STM32F411RE-Nucleo\Templates\EWARM\STM32F4xx-Nucleo\Obj
[2] = dl7M_tlf.a
[3] = m7M_tls.a
[4] = rt7M_tl.a
[5] = shb_l.a

   7 422 bytes of readonly  code memory
     315 bytes of readonly  data memory
  16 852 bytes of readwrite data memory

Errors: none
Warnings: none
