<html>
<body>
<pre>
<h1>µVision Build Log</h1>
<h2>Tool Versions:</h2>
IDE-Version: £gVision V5.26.2.0
Copyright (C) 2018 ARM Ltd and ARM Germany GmbH. All rights reserved.
License Information: Wei asusx550nuser2, CyweeMotion, LIC=32B2Z-JZ28N-ARHXW-QSKDD-SL42U-LMC49
 
Tool Versions:
Toolchain:       MDK-ARM Plus  Version: 5.26.2.0
Toolchain Path:  C:\Keil_v5\ARM\ARMCC\Bin
C Compiler:      Armcc.exe V5.06 update 6 (build 750)
Assembler:       Armasm.exe V5.06 update 6 (build 750)
Linker/Locator:  ArmLink.exe V5.06 update 6 (build 750)
Library Manager: ArmAr.exe V5.06 update 6 (build 750)
Hex Converter:   FromElf.exe V5.06 update 6 (build 750)
CPU DLL:         SARMCM3.DLL V5.26.2.0
Dialog DLL:      DCM.DLL V1.17.2.0
Target DLL:      STLink\ST-LINKIII-KEIL_SWO.dll V3.0.5.0
Dialog DLL:      TCM.DLL V1.36.1.0
 
<h2>Project:</h2>
D:\stm32NucleoF4\STM32CubeF4\Projects\STM32F411RE-Nucleo\Templates\MDK-ARM\Project.uvprojx
Project File Date:  08/23/2019

<h2>Output:</h2>
*** Using Compiler 'V5.06 update 6 (build 750)', folder: 'C:\Keil_v5\ARM\ARMCC\Bin'
Rebuild target 'STM32F4xx-Nucleo'
compiling stm32f4xx_ll_fmc.c...
compiling stm32f4xx_hal_hash_ex.c...
compiling stm32f4xx_hal_flash.c...
compiling stm32f4xx_nucleo.c...
compiling stm32f4xx_hal_tim_ex.c...
compiling stm32f4xx_hal_uart.c...
compiling stm32f4xx_hal_sd.c...
compiling stm32f4xx_hal_dcmi.c...
compiling stm32f4xx_hal_dac_ex.c...
compiling stm32f4xx_hal_cryp.c...
compiling stm32f4xx_hal_wwdg.c...
compiling stm32f4xx_hal_sram.c...
compiling stm32f4xx_hal_pcd.c...
compiling stm32f4xx_hal_rtc.c...
compiling stm32f4xx_ll_sdmmc.c...
compiling stm32f4xx_hal_can.c...
compiling stm32f4xx_hal_adc_ex.c...
compiling stm32f4xx_hal_pwr.c...
compiling stm32f4xx_hal_iwdg.c...
compiling stm32f4xx_hal_i2s.c...
compiling stm32f4xx_hal_rcc.c...
compiling stm32f4xx_hal_i2c_ex.c...
compiling stm32f4xx_hal_nor.c...
compiling stm32f4xx_hal_pccard.c...
compiling stm32f4xx_hal_dma_ex.c...
compiling stm32f4xx_hal_rng.c...
compiling stm32f4xx_hal_flash_ex.c...
compiling stm32f4xx_hal_smartcard.c...
compiling stm32f4xx_hal_ltdc.c...
compiling stm32f4xx_hal_hash.c...
compiling stm32f4xx_hal_adc.c...
compiling stm32f4xx_hal_irda.c...
compiling stm32f4xx_hal_hcd.c...
compiling stm32f4xx_hal_rtc_ex.c...
compiling stm32f4xx_ll_usb.c...
compiling stm32f4xx_hal_cortex.c...
compiling stm32f4xx_hal_dac.c...
compiling stm32f4xx_hal_crc.c...
compiling stm32f4xx_hal_dma.c...
compiling stm32f4xx_hal_usart.c...
compiling stm32f4xx_hal_spi.c...
compiling stm32f4xx_hal_i2c.c...
compiling stm32f4xx_hal.c...
compiling stm32f4xx_hal_pwr_ex.c...
compiling stm32f4xx_hal_nand.c...
compiling stm32f4xx_hal_cryp_ex.c...
compiling stm32f4xx_hal_rcc_ex.c...
assembling startup_stm32f411xe.s...
compiling stm32f4xx_hal_i2s_ex.c...
compiling stm32f4xx_hal_tim.c...
compiling stm32f4xx_hal_eth.c...
compiling stm32f4xx_hal_msp.c...
compiling stm32f4xx_hal_gpio.c...
compiling stm32f4xx_ll_fsmc.c...
compiling stm32f4xx_it.c...
compiling main.c...
compiling system_stm32f4xx.c...
linking...
Program Size: Code=2174 RO-data=458 RW-data=24 ZI-data=1024  
"STM32F4xx-Nucleo\STM32F4xx-Nucleo.axf" - 0 Error(s), 0 Warning(s).

<h2>Software Packages used:</h2>

Package Vendor: ARM
                http://www.keil.com/pack/ARM.CMSIS.5.4.0.pack
                ARM.CMSIS.5.4.0
                CMSIS (Cortex Microcontroller Software Interface Standard)
   * Component: CORE Version: 5.1.2

<h2>Collection of Component include folders:</h2>
  .\RTE\_STM32F4xx-Nucleo
  C:\Keil_v5\ARM\PACK\ARM\CMSIS\5.4.0\CMSIS\Core\Include

<h2>Collection of Component Files used:</h2>

   * Component: ARM::CMSIS:CORE:5.1.2
Build Time Elapsed:  00:00:19
</pre>
</body>
</html>
